// Jest Snapshot v1, https://goo.gl/fbAQLP

exports[`loadOnDemand 1`] = `"import Dialog from \\"@mc/mc-components/packages/Dialog\\";"`;
